

================================================================
== Vivado HLS Report for 'accumulate'
================================================================
* Date:           Tue Apr 13 12:35:19 2021

* Version:        2019.2 (Build 2704478 on Wed Nov 06 22:10:23 MST 2019)
* Project:        Example49
* Solution:       solution1
* Product family: zynq
* Target device:  xc7z020-clg400-1


================================================================
== Performance Estimates
================================================================
+ Timing: 
    * Summary: 
    +--------+---------+----------+------------+
    |  Clock |  Target | Estimated| Uncertainty|
    +--------+---------+----------+------------+
    |ap_clk  | 7.50 ns | 6.531 ns |   0.94 ns  |
    +--------+---------+----------+------------+

+ Latency: 
    * Summary: 
    +---------+---------+-----------+-----------+-----+-----+---------+
    |  Latency (cycles) |   Latency (absolute)  |  Interval | Pipeline|
    |   min   |   max   |    min    |    max    | min | max |   Type  |
    +---------+---------+-----------+-----------+-----+-----+---------+
    |        3|        3| 22.500 ns | 22.500 ns |    3|    3|   none  |
    +---------+---------+-----------+-----------+-----+-----+---------+

    + Detail: 
        * Instance: 
        N/A

        * Loop: 
        N/A



================================================================
== Utilization Estimates
================================================================
* Summary: 
+-----------------+---------+-------+--------+-------+-----+
|       Name      | BRAM_18K| DSP48E|   FF   |  LUT  | URAM|
+-----------------+---------+-------+--------+-------+-----+
|DSP              |        -|      -|       -|      -|    -|
|Expression       |        -|      -|       0|    247|    -|
|FIFO             |        -|      -|       -|      -|    -|
|Instance         |        -|      -|       -|      -|    -|
|Memory           |        -|      -|       -|      -|    -|
|Multiplexer      |        -|      -|       -|     75|    -|
|Register         |        -|      -|     104|      -|    -|
+-----------------+---------+-------+--------+-------+-----+
|Total            |        0|      0|     104|    322|    0|
+-----------------+---------+-------+--------+-------+-----+
|Available        |      280|    220|  106400|  53200|    0|
+-----------------+---------+-------+--------+-------+-----+
|Utilization (%)  |        0|      0|   ~0   |   ~0  |    0|
+-----------------+---------+-------+--------+-------+-----+

+ Detail: 
    * Instance: 
    N/A

    * DSP48E: 
    N/A

    * Memory: 
    N/A

    * FIFO: 
    N/A

    * Expression: 
    +-----------------------+----------+-------+---+----+------------+------------+
    |     Variable Name     | Operation| DSP48E| FF| LUT| Bitwidth P0| Bitwidth P1|
    +-----------------------+----------+-------+---+----+------------+------------+
    |acc_1_fu_135_p2        |     +    |      0|  0|  39|          32|          32|
    |acc_2_fu_148_p2        |     +    |      0|  0|  39|          32|          32|
    |acc_3_fu_159_p2        |     +    |      0|  0|  39|          32|          32|
    |ap_block_state1        |    or    |      0|  0|   2|           1|           1|
    |dout_din               |  select  |      0|  0|  32|           1|          32|
    |select_ln11_fu_128_p3  |  select  |      0|  0|  32|           1|          32|
    |select_ln13_fu_141_p3  |  select  |      0|  0|  32|           1|          32|
    |select_ln15_fu_153_p3  |  select  |      0|  0|  32|           1|          32|
    +-----------------------+----------+-------+---+----+------------+------------+
    |Total                  |          |      0|  0| 247|         101|         225|
    +-----------------------+----------+-------+---+----+------------+------------+

    * Multiplexer: 
    +--------------+----+-----------+-----+-----------+
    |     Name     | LUT| Input Size| Bits| Total Bits|
    +--------------+----+-----------+-----+-----------+
    |ap_NS_fsm     |  27|          5|    1|          5|
    |din_address0  |  15|          3|    2|          6|
    |din_address1  |  15|          3|    2|          6|
    |dout_blk_n    |   9|          2|    1|          2|
    |flag_blk_n    |   9|          2|    1|          2|
    +--------------+----+-----------+-----+-----------+
    |Total         |  75|         15|    7|         21|
    +--------------+----+-----------+-----+-----------+

    * Register: 
    +---------------------+----+----+-----+-----------+
    |         Name        | FF | LUT| Bits| Const Bits|
    +---------------------+----+----+-----+-----------+
    |ap_CS_fsm            |   4|   0|    4|          0|
    |din_load_2_reg_222   |  32|   0|   32|          0|
    |select_ln13_reg_200  |  32|   0|   32|          0|
    |select_ln15_reg_216  |  32|   0|   32|          0|
    |tmp_1_reg_190        |   1|   0|    1|          0|
    |tmp_2_reg_195        |   1|   0|    1|          0|
    |tmp_reg_180          |   1|   0|    1|          0|
    |trunc_ln11_reg_175   |   1|   0|    1|          0|
    +---------------------+----+----+-----+-----------+
    |Total                | 104|   0|  104|          0|
    +---------------------+----+----+-----+-----------+



================================================================
== Interface
================================================================
* Summary: 
+--------------+-----+-----+------------+--------------+--------------+
|   RTL Ports  | Dir | Bits|  Protocol  | Source Object|    C Type    |
+--------------+-----+-----+------------+--------------+--------------+
|ap_clk        |  in |    1| ap_ctrl_hs |  accumulate  | return value |
|ap_rst        |  in |    1| ap_ctrl_hs |  accumulate  | return value |
|ap_start      |  in |    1| ap_ctrl_hs |  accumulate  | return value |
|ap_done       | out |    1| ap_ctrl_hs |  accumulate  | return value |
|ap_idle       | out |    1| ap_ctrl_hs |  accumulate  | return value |
|ap_ready      | out |    1| ap_ctrl_hs |  accumulate  | return value |
|din_address0  | out |    2|  ap_memory |      din     |     array    |
|din_ce0       | out |    1|  ap_memory |      din     |     array    |
|din_q0        |  in |   32|  ap_memory |      din     |     array    |
|din_address1  | out |    2|  ap_memory |      din     |     array    |
|din_ce1       | out |    1|  ap_memory |      din     |     array    |
|din_q1        |  in |   32|  ap_memory |      din     |     array    |
|dout_din      | out |   32|   ap_fifo  |     dout     |    pointer   |
|dout_full_n   |  in |    1|   ap_fifo  |     dout     |    pointer   |
|dout_write    | out |    1|   ap_fifo  |     dout     |    pointer   |
|flag_dout     |  in |    4|   ap_fifo  |     flag     |    pointer   |
|flag_empty_n  |  in |    1|   ap_fifo  |     flag     |    pointer   |
|flag_read     | out |    1|   ap_fifo  |     flag     |    pointer   |
+--------------+-----+-----+------------+--------------+--------------+

