

================================================================
== Vivado HLS Report for 'accumulate4'
================================================================
* Date:           Thu Apr  8 14:33:50 2021

* Version:        2019.2 (Build 2704478 on Wed Nov 06 22:10:23 MST 2019)
* Project:        project5.3.2
* Solution:       solution1
* Product family: zynq
* Target device:  xc7z020-clg484-1


================================================================
== Performance Estimates
================================================================
+ Timing: 
    * Summary: 
    +--------+---------+----------+------------+
    |  Clock |  Target | Estimated| Uncertainty|
    +--------+---------+----------+------------+
    |ap_clk  | 5.00 ns | 4.371 ns |   0.62 ns  |
    +--------+---------+----------+------------+

+ Latency: 
    * Summary: 
    +---------+---------+-----------+-----------+-----+-----+---------+
    |  Latency (cycles) |   Latency (absolute)  |  Interval | Pipeline|
    |   min   |   max   |    min    |    max    | min | max |   Type  |
    +---------+---------+-----------+-----------+-----+-----+---------+
    |        9|        9| 45.000 ns | 45.000 ns |    9|    9|   none  |
    +---------+---------+-----------+-----------+-----+-----+---------+

    + Detail: 
        * Instance: 
        N/A

        * Loop: 
        +----------+---------+---------+----------+-----------+-----------+------+----------+
        |          |  Latency (cycles) | Iteration|  Initiation Interval  | Trip |          |
        | Loop Name|   min   |   max   |  Latency |  achieved |   target  | Count| Pipelined|
        +----------+---------+---------+----------+-----------+-----------+------+----------+
        |- ACCUM   |        8|        8|         4|          -|          -|     2|    no    |
        +----------+---------+---------+----------+-----------+-----------+------+----------+



================================================================
== Utilization Estimates
================================================================
* Summary: 
+-----------------+---------+-------+--------+-------+-----+
|       Name      | BRAM_18K| DSP48E|   FF   |  LUT  | URAM|
+-----------------+---------+-------+--------+-------+-----+
|DSP              |        -|      -|       -|      -|    -|
|Expression       |        -|      -|       0|     89|    -|
|FIFO             |        -|      -|       -|      -|    -|
|Instance         |        -|      -|       -|      -|    -|
|Memory           |        -|      -|       -|      -|    -|
|Multiplexer      |        -|      -|       -|     75|    -|
|Register         |        -|      -|     109|      -|    -|
+-----------------+---------+-------+--------+-------+-----+
|Total            |        0|      0|     109|    164|    0|
+-----------------+---------+-------+--------+-------+-----+
|Available        |      280|    220|  106400|  53200|    0|
+-----------------+---------+-------+--------+-------+-----+
|Utilization (%)  |        0|      0|   ~0   |   ~0  |    0|
+-----------------+---------+-------+--------+-------+-----+

+ Detail: 
    * Instance: 
    N/A

    * DSP48E: 
    N/A

    * Memory: 
    N/A

    * FIFO: 
    N/A

    * Expression: 
    +---------------------+----------+-------+---+----+------------+------------+
    |    Variable Name    | Operation| DSP48E| FF| LUT| Bitwidth P0| Bitwidth P1|
    +---------------------+----------+-------+---+----+------------+------------+
    |add_ln6_fu_113_p2    |     +    |      0|  0|  12|           2|           3|
    |add_ln7_1_fu_133_p2  |     +    |      0|  0|  32|          32|          32|
    |add_ln7_fu_129_p2    |     +    |      0|  0|  32|          32|          32|
    |ap_block_state2      |    and   |      0|  0|   2|           1|           1|
    |icmp_ln6_fu_98_p2    |   icmp   |      0|  0|   9|           3|           4|
    |or_ln6_fu_119_p2     |    or    |      0|  0|   2|           2|           1|
    +---------------------+----------+-------+---+----+------------+------------+
    |Total                |          |      0|  0|  89|          72|          73|
    +---------------------+----------+-------+---+----+------------+------------+

    * Multiplexer: 
    +----------------+----+-----------+-----+-----------+
    |      Name      | LUT| Input Size| Bits| Total Bits|
    +----------------+----+-----------+-----+-----------+
    |acc_0_0_reg_74  |   9|          2|   32|         64|
    |ap_NS_fsm       |  33|          6|    1|          6|
    |din_address0    |  15|          3|    2|          6|
    |dout_blk_n      |   9|          2|    1|          2|
    |i_0_0_reg_87    |   9|          2|    3|          6|
    +----------------+----+-----------+-----+-----------+
    |Total           |  75|         15|   39|         84|
    +----------------+----+-----------+-----+-----------+

    * Register: 
    +--------------------+----+----+-----+-----------+
    |        Name        | FF | LUT| Bits| Const Bits|
    +--------------------+----+----+-----+-----------+
    |acc_0_0_reg_74      |  32|   0|   32|          0|
    |add_ln6_reg_152     |   3|   0|    3|          0|
    |ap_CS_fsm           |   5|   0|    5|          0|
    |din_load_1_reg_167  |  32|   0|   32|          0|
    |din_load_reg_157    |  32|   0|   32|          0|
    |empty_3_reg_147     |   2|   0|    2|          0|
    |i_0_0_reg_87        |   3|   0|    3|          0|
    +--------------------+----+----+-----+-----------+
    |Total               | 109|   0|  109|          0|
    +--------------------+----+----+-----+-----------+



================================================================
== Interface
================================================================
* Summary: 
+--------------+-----+-----+------------+--------------+--------------+
|   RTL Ports  | Dir | Bits|  Protocol  | Source Object|    C Type    |
+--------------+-----+-----+------------+--------------+--------------+
|ap_clk        |  in |    1| ap_ctrl_hs |  accumulate4 | return value |
|ap_rst        |  in |    1| ap_ctrl_hs |  accumulate4 | return value |
|ap_start      |  in |    1| ap_ctrl_hs |  accumulate4 | return value |
|ap_done       | out |    1| ap_ctrl_hs |  accumulate4 | return value |
|ap_idle       | out |    1| ap_ctrl_hs |  accumulate4 | return value |
|ap_ready      | out |    1| ap_ctrl_hs |  accumulate4 | return value |
|din_address0  | out |    2|  ap_memory |      din     |     array    |
|din_ce0       | out |    1|  ap_memory |      din     |     array    |
|din_q0        |  in |   32|  ap_memory |      din     |     array    |
|dout_din      | out |   32|   ap_fifo  |     dout     |    pointer   |
|dout_full_n   |  in |    1|   ap_fifo  |     dout     |    pointer   |
|dout_write    | out |    1|   ap_fifo  |     dout     |    pointer   |
+--------------+-----+-----+------------+--------------+--------------+

