

================================================================
== Vivado HLS Report for 'accumulate'
================================================================
* Date:           Sun Apr  4 01:41:30 2021

* Version:        2019.2 (Build 2704478 on Wed Nov 06 22:10:23 MST 2019)
* Project:        exp_IO
* Solution:       solution1
* Product family: zynq
* Target device:  xc7z020-clg400-1


================================================================
== Performance Estimates
================================================================
+ Timing: 
    * Summary: 
    +--------+----------+----------+------------+
    |  Clock |  Target  | Estimated| Uncertainty|
    +--------+----------+----------+------------+
    |ap_clk  | 20.00 ns | 8.045 ns |   2.50 ns  |
    +--------+----------+----------+------------+

+ Latency: 
    * Summary: 
    +---------+---------+----------+----------+-----+-----+---------+
    |  Latency (cycles) |  Latency (absolute) |  Interval | Pipeline|
    |   min   |   max   |    min   |    max   | min | max |   Type  |
    +---------+---------+----------+----------+-----+-----+---------+
    |        9|        9| 0.180 us | 0.180 us |    9|    9|   none  |
    +---------+---------+----------+----------+-----+-----+---------+

    + Detail: 
        * Instance: 
        N/A

        * Loop: 
        +----------+---------+---------+----------+-----------+-----------+------+----------+
        |          |  Latency (cycles) | Iteration|  Initiation Interval  | Trip |          |
        | Loop Name|   min   |   max   |  Latency |  achieved |   target  | Count| Pipelined|
        +----------+---------+---------+----------+-----------+-----------+------+----------+
        |- ACCUM   |        8|        8|         2|          -|          -|     4|    no    |
        +----------+---------+---------+----------+-----------+-----------+------+----------+



================================================================
== Utilization Estimates
================================================================
* Summary: 
+-----------------+---------+-------+--------+-------+-----+
|       Name      | BRAM_18K| DSP48E|   FF   |  LUT  | URAM|
+-----------------+---------+-------+--------+-------+-----+
|DSP              |        -|      -|       -|      -|    -|
|Expression       |        -|      -|       0|    142|    -|
|FIFO             |        -|      -|       -|      -|    -|
|Instance         |        -|      -|       -|      -|    -|
|Memory           |        -|      -|       -|      -|    -|
|Multiplexer      |        -|      -|       -|     39|    -|
|Register         |        -|      -|      41|      -|    -|
+-----------------+---------+-------+--------+-------+-----+
|Total            |        0|      0|      41|    181|    0|
+-----------------+---------+-------+--------+-------+-----+
|Available        |      280|    220|  106400|  53200|    0|
+-----------------+---------+-------+--------+-------+-----+
|Utilization (%)  |        0|      0|   ~0   |   ~0  |    0|
+-----------------+---------+-------+--------+-------+-----+

+ Detail: 
    * Instance: 
    N/A

    * DSP48E: 
    N/A

    * Memory: 
    N/A

    * FIFO: 
    N/A

    * Expression: 
    +-----------------------+----------+-------+---+----+------------+------------+
    |     Variable Name     | Operation| DSP48E| FF| LUT| Bitwidth P0| Bitwidth P1|
    +-----------------------+----------+-------+---+----+------------+------------+
    |acc_fu_111_p2          |     +    |      0|  0|  39|          32|          32|
    |i_fu_100_p2            |     +    |      0|  0|  12|           3|           1|
    |icmp_ln11_fu_94_p2     |   icmp   |      0|  0|   9|           3|           4|
    |icmp_ln14_fu_117_p2    |   icmp   |      0|  0|  18|          32|          32|
    |select_ln13_fu_129_p3  |  select  |      0|  0|  32|           1|          32|
    |select_ln14_fu_122_p3  |  select  |      0|  0|  32|           1|          32|
    +-----------------------+----------+-------+---+----+------------+------------+
    |Total                  |          |      0|  0| 142|          72|         133|
    +-----------------------+----------+-------+---+----+------------+------------+

    * Multiplexer: 
    +--------------+----+-----------+-----+-----------+
    |     Name     | LUT| Input Size| Bits| Total Bits|
    +--------------+----+-----------+-----+-----------+
    |acc_0_reg_70  |   9|          2|   32|         64|
    |ap_NS_fsm     |  21|          4|    1|          4|
    |i_0_reg_83    |   9|          2|    3|          6|
    +--------------+----+-----------+-----+-----------+
    |Total         |  39|          8|   36|         74|
    +--------------+----+-----------+-----+-----------+

    * Register: 
    +--------------+----+----+-----+-----------+
    |     Name     | FF | LUT| Bits| Const Bits|
    +--------------+----+----+-----+-----------+
    |acc_0_reg_70  |  32|   0|   32|          0|
    |ap_CS_fsm     |   3|   0|    3|          0|
    |i_0_reg_83    |   3|   0|    3|          0|
    |i_reg_150     |   3|   0|    3|          0|
    +--------------+----+----+-----+-----------+
    |Total         |  41|   0|   41|          0|
    +--------------+----+----+-----+-----------+



================================================================
== Interface
================================================================
* Summary: 
+--------------+-----+-----+------------+--------------+--------------+
|   RTL Ports  | Dir | Bits|  Protocol  | Source Object|    C Type    |
+--------------+-----+-----+------------+--------------+--------------+
|ap_clk        |  in |    1| ap_ctrl_hs |  accumulate  | return value |
|ap_rst        |  in |    1| ap_ctrl_hs |  accumulate  | return value |
|ap_start      |  in |    1| ap_ctrl_hs |  accumulate  | return value |
|ap_done       | out |    1| ap_ctrl_hs |  accumulate  | return value |
|ap_idle       | out |    1| ap_ctrl_hs |  accumulate  | return value |
|ap_ready      | out |    1| ap_ctrl_hs |  accumulate  | return value |
|din_address0  | out |    2|  ap_memory |      din     |     array    |
|din_ce0       | out |    1|  ap_memory |      din     |     array    |
|din_q0        |  in |   32|  ap_memory |      din     |     array    |
|dout          | out |   32|   ap_vld   |     dout     |    pointer   |
|dout_ap_vld   | out |    1|   ap_vld   |     dout     |    pointer   |
|threshold     |  in |   32|   ap_none  |   threshold  |    pointer   |
|flag          |  in |    1|   ap_none  |     flag     |    pointer   |
+--------------+-----+-----+------------+--------------+--------------+

