

================================================================
== Vivado HLS Report for 'accumulate'
================================================================
* Date:           Thu Apr  8 16:43:27 2021

* Version:        2019.2 (Build 2704478 on Wed Nov 06 22:10:23 MST 2019)
* Project:        5.3.3.1
* Solution:       solution1
* Product family: zynq
* Target device:  xc7z020-clg484-1


================================================================
== Performance Estimates
================================================================
+ Timing: 
    * Summary: 
    +--------+---------+----------+------------+
    |  Clock |  Target | Estimated| Uncertainty|
    +--------+---------+----------+------------+
    |ap_clk  | 5.00 ns | 3.948 ns |   0.62 ns  |
    +--------+---------+----------+------------+

+ Latency: 
    * Summary: 
    +---------+---------+-----------+-----------+-----+-----+----------+
    |  Latency (cycles) |   Latency (absolute)  |  Interval | Pipeline |
    |   min   |   max   |    min    |    max    | min | max |   Type   |
    +---------+---------+-----------+-----------+-----+-----+----------+
    |       11|       11| 55.000 ns | 55.000 ns |    4|    4| function |
    +---------+---------+-----------+-----------+-----+-----+----------+

    + Detail: 
        * Instance: 
        N/A

        * Loop: 
        N/A



================================================================
== Utilization Estimates
================================================================
* Summary: 
+-----------------+---------+-------+--------+-------+-----+
|       Name      | BRAM_18K| DSP48E|   FF   |  LUT  | URAM|
+-----------------+---------+-------+--------+-------+-----+
|DSP              |        -|      -|       -|      -|    -|
|Expression       |        -|      -|       0|    975|    -|
|FIFO             |        -|      -|       -|      -|    -|
|Instance         |        -|      -|       -|      -|    -|
|Memory           |        -|      -|       -|      -|    -|
|Multiplexer      |        -|      -|       -|     72|    -|
|Register         |        -|      -|     679|      -|    -|
+-----------------+---------+-------+--------+-------+-----+
|Total            |        0|      0|     679|   1047|    0|
+-----------------+---------+-------+--------+-------+-----+
|Available        |      280|    220|  106400|  53200|    0|
+-----------------+---------+-------+--------+-------+-----+
|Utilization (%)  |        0|      0|   ~0   |      1|    0|
+-----------------+---------+-------+--------+-------+-----+

+ Detail: 
    * Instance: 
    N/A

    * DSP48E: 
    N/A

    * Memory: 
    N/A

    * FIFO: 
    N/A

    * Expression: 
    +---------------------------+----------+-------+---+----+------------+------------+
    |       Variable Name       | Operation| DSP48E| FF| LUT| Bitwidth P0| Bitwidth P1|
    +---------------------------+----------+-------+---+----+------------+------------+
    |add_ln10_1_fu_269_p2       |     +    |      0|  0|  39|          32|          32|
    |add_ln10_2_fu_341_p2       |     +    |      0|  0|  39|          32|          32|
    |add_ln10_fu_197_p2         |     +    |      0|  0|  39|          32|          32|
    |sub_ln12_10_fu_354_p2      |     -    |      0|  0|  39|           1|          32|
    |sub_ln12_11_fu_387_p2      |     -    |      0|  0|  39|          32|          32|
    |sub_ln12_1_fu_130_p2       |     -    |      0|  0|  39|           1|          32|
    |sub_ln12_2_fu_169_p2       |     -    |      0|  0|  39|          32|          32|
    |sub_ln12_3_fu_182_p2       |     -    |      0|  0|  39|           1|          32|
    |sub_ln12_4_fu_210_p2       |     -    |      0|  0|  39|           1|          32|
    |sub_ln12_5_fu_243_p2       |     -    |      0|  0|  39|          32|          32|
    |sub_ln12_6_fu_254_p2       |     -    |      0|  0|  39|           1|          32|
    |sub_ln12_7_fu_282_p2       |     -    |      0|  0|  39|           1|          32|
    |sub_ln12_8_fu_315_p2       |     -    |      0|  0|  39|          32|          32|
    |sub_ln12_9_fu_326_p2       |     -    |      0|  0|  39|           1|          32|
    |sub_ln12_fu_112_p2         |     -    |      0|  0|  39|           1|          32|
    |ap_block_pp0_stage0_11001  |    and   |      0|  0|   2|           1|           1|
    |ap_block_pp0_stage3_01001  |    and   |      0|  0|   2|           1|           1|
    |select_ln11_1_fu_248_p3    |  select  |      0|  0|  32|           1|          32|
    |select_ln11_2_fu_320_p3    |  select  |      0|  0|  32|           1|          32|
    |select_ln11_3_fu_392_p3    |  select  |      0|  0|  32|           1|          32|
    |select_ln11_fu_175_p3      |  select  |      0|  0|  32|           1|          32|
    |select_ln12_1_fu_236_p3    |  select  |      0|  0|  32|           1|          32|
    |select_ln12_2_fu_308_p3    |  select  |      0|  0|  32|           1|          32|
    |select_ln12_3_fu_380_p3    |  select  |      0|  0|  32|           1|          32|
    |select_ln12_fu_162_p3      |  select  |      0|  0|  32|           1|          32|
    |select_ln9_1_fu_201_p3     |  select  |      0|  0|  32|           1|          32|
    |select_ln9_2_fu_273_p3     |  select  |      0|  0|  32|           1|          32|
    |select_ln9_3_fu_345_p3     |  select  |      0|  0|  32|           1|          32|
    |select_ln9_fu_136_p3       |  select  |      0|  0|  32|           1|          32|
    |ap_enable_pp0              |    xor   |      0|  0|   2|           1|           2|
    +---------------------------+----------+-------+---+----+------------+------------+
    |Total                      |          |      0|  0| 975|         247|         868|
    +---------------------------+----------+-------+---+----+------------+------------+

    * Multiplexer: 
    +-------------------------+----+-----------+-----+-----------+
    |           Name          | LUT| Input Size| Bits| Total Bits|
    +-------------------------+----+-----------+-----+-----------+
    |ap_NS_fsm                |  27|          5|    1|          5|
    |ap_enable_reg_pp0_iter0  |   9|          2|    1|          2|
    |din_address0             |  27|          5|    2|         10|
    |dout_blk_n               |   9|          2|    1|          2|
    +-------------------------+----+-----------+-----+-----------+
    |Total                    |  72|         14|    5|         19|
    +-------------------------+----+-----------+-----+-----------+

    * Register: 
    +----------------------------------+----+----+-----+-----------+
    |               Name               | FF | LUT| Bits| Const Bits|
    +----------------------------------+----+----+-----+-----------+
    |ap_CS_fsm                         |   4|   0|    4|          0|
    |ap_enable_reg_pp0_iter0_reg       |   1|   0|    1|          0|
    |ap_enable_reg_pp0_iter1           |   1|   0|    1|          0|
    |ap_enable_reg_pp0_iter2           |   1|   0|    1|          0|
    |din_load_1_reg_421                |  32|   0|   32|          0|
    |din_load_2_reg_455                |  32|   0|   32|          0|
    |din_load_2_reg_455_pp0_iter1_reg  |  32|   0|   32|          0|
    |din_load_3_reg_479                |  32|   0|   32|          0|
    |din_load_3_reg_479_pp0_iter2_reg  |  32|   0|   32|          0|
    |din_load_reg_403                  |  32|   0|   32|          0|
    |flag0_read_reg_434                |   1|   0|    1|          0|
    |flag0_read_reg_434_pp0_iter1_reg  |   1|   0|    1|          0|
    |flag1_read_reg_442                |   1|   0|    1|          0|
    |flag1_read_reg_442_pp0_iter1_reg  |   1|   0|    1|          0|
    |lshr_ln12_1_reg_416               |  31|   0|   31|          0|
    |lshr_ln12_4_reg_474               |  31|   0|   31|          0|
    |lshr_ln12_7_reg_504               |  31|   0|   31|          0|
    |lshr_ln12_s_reg_526               |  31|   0|   31|          0|
    |select_ln11_1_reg_498             |  32|   0|   32|          0|
    |select_ln11_2_reg_520             |  32|   0|   32|          0|
    |select_ln11_3_reg_542             |  32|   0|   32|          0|
    |select_ln11_reg_468               |  32|   0|   32|          0|
    |select_ln9_1_reg_487              |  32|   0|   32|          0|
    |select_ln9_2_reg_509              |  32|   0|   32|          0|
    |select_ln9_3_reg_531              |  32|   0|   32|          0|
    |sub_ln12_10_reg_537               |  32|   0|   32|          0|
    |sub_ln12_1_reg_450                |  32|   0|   32|          0|
    |sub_ln12_4_reg_493                |  32|   0|   32|          0|
    |sub_ln12_7_reg_515                |  32|   0|   32|          0|
    +----------------------------------+----+----+-----+-----------+
    |Total                             | 679|   0|  679|          0|
    +----------------------------------+----+----+-----+-----------+



================================================================
== Interface
================================================================
* Summary: 
+--------------+-----+-----+------------+--------------+--------------+
|   RTL Ports  | Dir | Bits|  Protocol  | Source Object|    C Type    |
+--------------+-----+-----+------------+--------------+--------------+
|ap_clk        |  in |    1| ap_ctrl_hs |  accumulate  | return value |
|ap_rst        |  in |    1| ap_ctrl_hs |  accumulate  | return value |
|ap_start      |  in |    1| ap_ctrl_hs |  accumulate  | return value |
|ap_done       | out |    1| ap_ctrl_hs |  accumulate  | return value |
|ap_idle       | out |    1| ap_ctrl_hs |  accumulate  | return value |
|ap_ready      | out |    1| ap_ctrl_hs |  accumulate  | return value |
|dout_din      | out |   32|   ap_fifo  |     dout     |    pointer   |
|dout_full_n   |  in |    1|   ap_fifo  |     dout     |    pointer   |
|dout_write    | out |    1|   ap_fifo  |     dout     |    pointer   |
|din_address0  | out |    2|  ap_memory |      din     |     array    |
|din_ce0       | out |    1|  ap_memory |      din     |     array    |
|din_q0        |  in |   32|  ap_memory |      din     |     array    |
|flag0         |  in |    1|   ap_none  |     flag0    |    pointer   |
|flag1         |  in |    1|   ap_none  |     flag1    |    pointer   |
+--------------+-----+-----+------------+--------------+--------------+

